INFO:     Started server process [1416]
INFO:     Waiting for application startup.
INFO:     Application startup complete.
INFO:     Uvicorn running on http://127.0.0.1:8000 (Press CTRL+C to quit)
C:\Users\kmani\OneDrive\Desktop\nothing\.venv\Lib\site-packages\jwt\api_jwt.py:149: InsecureKeyLengthWarning: The HMAC key is 26 bytes long, which is below the minimum recommended length of 32 bytes for SHA256. See RFC 7518 Section 3.2.
  return self._jws.encode(
C:\Users\kmani\OneDrive\Desktop\nothing\.venv\Lib\site-packages\jwt\api_jwt.py:370: InsecureKeyLengthWarning: The HMAC key is 26 bytes long, which is below the minimum recommended length of 32 bytes for SHA256. See RFC 7518 Section 3.2.
  decoded = self.decode_complete(
C:\Users\kmani\OneDrive\Desktop\nothing\.venv\Lib\site-packages\jwt\api_jwt.py:370: InsecureKeyLengthWarning: The HMAC key is 26 bytes long, which is below the minimum recommended length of 32 bytes for SHA256. See RFC 7518 Section 3.2.
  decoded = self.decode_complete(
C:\Users\kmani\OneDrive\Desktop\nothing\.venv\Lib\site-packages\jwt\api_jwt.py:370: InsecureKeyLengthWarning: The HMAC key is 26 bytes long, which is below the minimum recommended length of 32 bytes for SHA256. See RFC 7518 Section 3.2.
  decoded = self.decode_complete(
C:\Users\kmani\OneDrive\Desktop\nothing\.venv\Lib\site-packages\jwt\api_jwt.py:370: InsecureKeyLengthWarning: The HMAC key is 26 bytes long, which is below the minimum recommended length of 32 bytes for SHA256. See RFC 7518 Section 3.2.
  decoded = self.decode_complete(
C:\Users\kmani\OneDrive\Desktop\nothing\.venv\Lib\site-packages\jwt\api_jwt.py:370: InsecureKeyLengthWarning: The HMAC key is 26 bytes long, which is below the minimum recommended length of 32 bytes for SHA256. See RFC 7518 Section 3.2.
  decoded = self.decode_complete(
C:\Users\kmani\OneDrive\Desktop\nothing\.venv\Lib\site-packages\jwt\api_jwt.py:370: InsecureKeyLengthWarning: The HMAC key is 26 bytes long, which is below the minimum recommended length of 32 bytes for SHA256. See RFC 7518 Section 3.2.
  decoded = self.decode_complete(
C:\Users\kmani\OneDrive\Desktop\nothing\.venv\Lib\site-packages\jwt\api_jwt.py:370: InsecureKeyLengthWarning: The HMAC key is 26 bytes long, which is below the minimum recommended length of 32 bytes for SHA256. See RFC 7518 Section 3.2.
  decoded = self.decode_complete(
